// Jest Snapshot v1, https://goo.gl/fbAQLP

exports[`UniswapV3Factory #createPool gas 1`] = `4777367`;

exports[`UniswapV3Factory factory bytecode size 1`] = `26029`;

exports[`UniswapV3Factory pool bytecode size 1`] = `23239`;
