// Jest Snapshot v1, https://goo.gl/fbAQLP

exports[`UniswapV3Pool gas tests fee is off #burn above current price burn entire position after some time passes 1`] = `61420`;

exports[`UniswapV3Pool gas tests fee is off #burn above current price burn when only position using ticks 1`] = `61420`;

exports[`UniswapV3Pool gas tests fee is off #burn above current price entire position burn but other positions are using the ticks 1`] = `88173`;

exports[`UniswapV3Pool gas tests fee is off #burn above current price partial position burn 1`] = `103173`;

exports[`UniswapV3Pool gas tests fee is off #burn around current price burn entire position after some time passes 1`] = `72214`;

exports[`UniswapV3Pool gas tests fee is off #burn around current price burn when only position using ticks 1`] = `69025`;

exports[`UniswapV3Pool gas tests fee is off #burn around current price entire position burn but other positions are using the ticks 1`] = `92984`;

exports[`UniswapV3Pool gas tests fee is off #burn around current price partial position burn 1`] = `107984`;

exports[`UniswapV3Pool gas tests fee is off #burn below current price burn entire position after some time passes 1`] = `67340`;

exports[`UniswapV3Pool gas tests fee is off #burn below current price burn when only position using ticks 1`] = `67340`;

exports[`UniswapV3Pool gas tests fee is off #burn below current price entire position burn but other positions are using the ticks 1`] = `88814`;

exports[`UniswapV3Pool gas tests fee is off #burn below current price partial position burn 1`] = `103814`;

exports[`UniswapV3Pool gas tests fee is off #collect close to worst case 1`] = `41255`;

exports[`UniswapV3Pool gas tests fee is off #increaseObservationCardinalityNext grow by 1 slot 1`] = `51098`;

exports[`UniswapV3Pool gas tests fee is off #increaseObservationCardinalityNext no op 1`] = `24677`;

exports[`UniswapV3Pool gas tests fee is off #mint above current price add to position after some time passes 1`] = `114805`;

exports[`UniswapV3Pool gas tests fee is off #mint above current price add to position existing 1`] = `114805`;

exports[`UniswapV3Pool gas tests fee is off #mint above current price new position mint first in range 1`] = `233479`;

exports[`UniswapV3Pool gas tests fee is off #mint above current price second position in same range 1`] = `131905`;

exports[`UniswapV3Pool gas tests fee is off #mint around current price add to position after some time passes 1`] = `153172`;

exports[`UniswapV3Pool gas tests fee is off #mint around current price add to position existing 1`] = `143993`;

exports[`UniswapV3Pool gas tests fee is off #mint around current price new position mint first in range 1`] = `334302`;

exports[`UniswapV3Pool gas tests fee is off #mint around current price second position in same range 1`] = `161093`;

exports[`UniswapV3Pool gas tests fee is off #mint below current price add to position after some time passes 1`] = `115397`;

exports[`UniswapV3Pool gas tests fee is off #mint below current price add to position existing 1`] = `115397`;

exports[`UniswapV3Pool gas tests fee is off #mint below current price new position mint first in range 1`] = `315183`;

exports[`UniswapV3Pool gas tests fee is off #mint below current price second position in same range 1`] = `132497`;

exports[`UniswapV3Pool gas tests fee is off #poke best case 1`] = `57439`;

exports[`UniswapV3Pool gas tests fee is off #snapshotCumulativesInside tick above 1`] = `29643`;

exports[`UniswapV3Pool gas tests fee is off #snapshotCumulativesInside tick below 1`] = `29605`;

exports[`UniswapV3Pool gas tests fee is off #snapshotCumulativesInside tick inside 1`] = `37053`;

exports[`UniswapV3Pool gas tests fee is off #swapExact0For1 first swap in block moves tick, no initialized crossings 1`] = `120306`;

exports[`UniswapV3Pool gas tests fee is off #swapExact0For1 first swap in block with no tick movement 1`] = `104452`;

exports[`UniswapV3Pool gas tests fee is off #swapExact0For1 first swap in block, large swap crossing a single initialized tick 1`] = `135319`;

exports[`UniswapV3Pool gas tests fee is off #swapExact0For1 first swap in block, large swap crossing several initialized ticks 1`] = `158154`;

exports[`UniswapV3Pool gas tests fee is off #swapExact0For1 first swap in block, large swap, no initialized crossings 1`] = `134917`;

exports[`UniswapV3Pool gas tests fee is off #swapExact0For1 large swap crossing several initialized ticks after some time passes 1`] = `158154`;

exports[`UniswapV3Pool gas tests fee is off #swapExact0For1 large swap crossing several initialized ticks second time after some time passes 1`] = `218154`;

exports[`UniswapV3Pool gas tests fee is off #swapExact0For1 second swap in block moves tick, no initialized crossings 1`] = `120306`;

exports[`UniswapV3Pool gas tests fee is off #swapExact0For1 second swap in block with no tick movement 1`] = `104563`;

exports[`UniswapV3Pool gas tests fee is off #swapExact0For1 second swap in block, large swap crossing a single initialized tick 1`] = `121902`;

exports[`UniswapV3Pool gas tests fee is off #swapExact0For1 second swap in block, large swap crossing several initialized ticks 1`] = `144715`;

exports[`UniswapV3Pool gas tests fee is on #burn above current price burn entire position after some time passes 1`] = `61420`;

exports[`UniswapV3Pool gas tests fee is on #burn above current price burn when only position using ticks 1`] = `61420`;

exports[`UniswapV3Pool gas tests fee is on #burn above current price entire position burn but other positions are using the ticks 1`] = `88173`;

exports[`UniswapV3Pool gas tests fee is on #burn above current price partial position burn 1`] = `103173`;

exports[`UniswapV3Pool gas tests fee is on #burn around current price burn entire position after some time passes 1`] = `72214`;

exports[`UniswapV3Pool gas tests fee is on #burn around current price burn when only position using ticks 1`] = `69025`;

exports[`UniswapV3Pool gas tests fee is on #burn around current price entire position burn but other positions are using the ticks 1`] = `92984`;

exports[`UniswapV3Pool gas tests fee is on #burn around current price partial position burn 1`] = `107984`;

exports[`UniswapV3Pool gas tests fee is on #burn below current price burn entire position after some time passes 1`] = `67340`;

exports[`UniswapV3Pool gas tests fee is on #burn below current price burn when only position using ticks 1`] = `67340`;

exports[`UniswapV3Pool gas tests fee is on #burn below current price entire position burn but other positions are using the ticks 1`] = `88814`;

exports[`UniswapV3Pool gas tests fee is on #burn below current price partial position burn 1`] = `103814`;

exports[`UniswapV3Pool gas tests fee is on #collect close to worst case 1`] = `41255`;

exports[`UniswapV3Pool gas tests fee is on #increaseObservationCardinalityNext grow by 1 slot 1`] = `51098`;

exports[`UniswapV3Pool gas tests fee is on #increaseObservationCardinalityNext no op 1`] = `24677`;

exports[`UniswapV3Pool gas tests fee is on #mint above current price add to position after some time passes 1`] = `114805`;

exports[`UniswapV3Pool gas tests fee is on #mint above current price add to position existing 1`] = `114805`;

exports[`UniswapV3Pool gas tests fee is on #mint above current price new position mint first in range 1`] = `233479`;

exports[`UniswapV3Pool gas tests fee is on #mint above current price second position in same range 1`] = `131905`;

exports[`UniswapV3Pool gas tests fee is on #mint around current price add to position after some time passes 1`] = `153172`;

exports[`UniswapV3Pool gas tests fee is on #mint around current price add to position existing 1`] = `143993`;

exports[`UniswapV3Pool gas tests fee is on #mint around current price new position mint first in range 1`] = `334302`;

exports[`UniswapV3Pool gas tests fee is on #mint around current price second position in same range 1`] = `161093`;

exports[`UniswapV3Pool gas tests fee is on #mint below current price add to position after some time passes 1`] = `115397`;

exports[`UniswapV3Pool gas tests fee is on #mint below current price add to position existing 1`] = `115397`;

exports[`UniswapV3Pool gas tests fee is on #mint below current price new position mint first in range 1`] = `315183`;

exports[`UniswapV3Pool gas tests fee is on #mint below current price second position in same range 1`] = `132497`;

exports[`UniswapV3Pool gas tests fee is on #poke best case 1`] = `57439`;

exports[`UniswapV3Pool gas tests fee is on #snapshotCumulativesInside tick above 1`] = `29643`;

exports[`UniswapV3Pool gas tests fee is on #snapshotCumulativesInside tick below 1`] = `29605`;

exports[`UniswapV3Pool gas tests fee is on #snapshotCumulativesInside tick inside 1`] = `37053`;

exports[`UniswapV3Pool gas tests fee is on #swapExact0For1 first swap in block moves tick, no initialized crossings 1`] = `125693`;

exports[`UniswapV3Pool gas tests fee is on #swapExact0For1 first swap in block with no tick movement 1`] = `109692`;

exports[`UniswapV3Pool gas tests fee is on #swapExact0For1 first swap in block, large swap crossing a single initialized tick 1`] = `140853`;

exports[`UniswapV3Pool gas tests fee is on #swapExact0For1 first swap in block, large swap crossing several initialized ticks 1`] = `164129`;

exports[`UniswapV3Pool gas tests fee is on #swapExact0For1 first swap in block, large swap, no initialized crossings 1`] = `140598`;

exports[`UniswapV3Pool gas tests fee is on #swapExact0For1 large swap crossing several initialized ticks after some time passes 1`] = `164129`;

exports[`UniswapV3Pool gas tests fee is on #swapExact0For1 large swap crossing several initialized ticks second time after some time passes 1`] = `224129`;

exports[`UniswapV3Pool gas tests fee is on #swapExact0For1 second swap in block moves tick, no initialized crossings 1`] = `125693`;

exports[`UniswapV3Pool gas tests fee is on #swapExact0For1 second swap in block with no tick movement 1`] = `109803`;

exports[`UniswapV3Pool gas tests fee is on #swapExact0For1 second swap in block, large swap crossing a single initialized tick 1`] = `127289`;

exports[`UniswapV3Pool gas tests fee is on #swapExact0For1 second swap in block, large swap crossing several initialized ticks 1`] = `150543`;
